Accepted view model "vm":                                                                      
                                                                                               
Text   Initial text                                                                            
Number 809                                                                                     
                                                                                               
                                                                                               