-->vm.A = 1                                                                                    
-->vm.A Data Error = "BAD"                                                                     
                                                                                               