-->vm.A = 1                                                                                    
-->vm Error = "Error for class"                                                                
                                                                                               