StringValue    IntValue                                                                        
----------- -----------                                                                        
X                    10                                                                        
                                                                                               
    Children                                                                                   
    --------                                                                                   
    Text                                                                                       
    -------                                                                                    
    Child 0                                                                                    
                                                                                               
        Children                                                                               
        --------                                                                               
        StringValue    IntValue DateValue                                                      
        ----------- ----------- -------------------                                            
        Nested 0              0 26/06/2015 08:10:00                                            
                                                                                               
            Children                                                                           
            --------                                                                           
                  Int32                                                                        
            -----------                                                                        
                      0                                                                        
                      1                                                                        
                      2                                                                        
                      3                                                                        
                      4                                                                        
                                                                                               
        Nested 1              1 26/06/2015 08:11:00                                            
                                                                                               
            Children                                                                           
            --------                                                                           
                  Int32                                                                        
            -----------                                                                        
                      0                                                                        
                      1                                                                        
                      2                                                                        
                      3                                                                        
                      4                                                                        
                                                                                               
                                                                                               
    Child 1                                                                                    
                                                                                               
        Children                                                                               
        --------                                                                               
        StringValue    IntValue DateValue                                                      
        ----------- ----------- -------------------                                            
        Nested 0              0 26/06/2015 08:10:00                                            
                                                                                               
            Children                                                                           
            --------                                                                           
                  Int32                                                                        
            -----------                                                                        
                      0                                                                        
                      1                                                                        
                      2                                                                        
                      3                                                                        
                      4                                                                        
                                                                                               
        Nested 1              1 26/06/2015 08:11:00                                            
                                                                                               
            Children                                                                           
            --------                                                                           
                  Int32                                                                        
            -----------                                                                        
                      0                                                                        
                      1                                                                        
                      2                                                                        
                      3                                                                        
                      4                                                                        
                                                                                               
                                                                                               
                                                                                               
                                                                                               