StringValue    IntValue DateValue                                                              
----------- ----------- -------------------                                                    
X                    10 05/06/2015 00:00:00                                                    
                                                                                               