   Capacity       Count                                                                        
----------- -----------                                                                        
          8           6                                                                        
                                                                                               
    String                                                                                     
    -------                                                                                    
    Alpha                                                                                      
    Beta                                                                                       
    Charlie                                                                                    
    Delta                                                                                      
    Echo                                                                                       
    Foxtrot                                                                                    
                                                                                               
                                                                                               