StringValue    IntValue DateValue                                                              
----------- ----------- -------------------                                                    
X                    10 05/06/2015 00:00:00                                                    
                                                                                               
    Children                                                                                   
    --------                                                                                   
    StringValue    IntValue DateValue                                                          
    ----------- ----------- -------------------                                                
    Child.0               0 05/06/2015 00:00:00                                                
    Child.1               1 05/06/2015 01:00:00                                                
    Child.2               2 05/06/2015 02:00:00                                                
    Child.3               3 05/06/2015 03:00:00                                                
    Child.4               4 05/06/2015 04:00:00                                                
                                                                                               
                                                                                               