StringValue    IntValue DateValue                                                              
----------- ----------- -------------------                                                    
X                    10 05/06/2015 00:00:00                                                    
                                                                                               
    Child                                                                                      
    -----                                                                                      
    StringValue    IntValue DateValue                                                          
    ----------- ----------- -------------------                                                
    Child.X              20 05/06/2015 12:00:00                                                
                                                                                               
                                                                                               