StringValue    IntValue DateValue                                                              
----------- ----------- -------------------                                                    
A                     1 27/07/2015 00:00:00                                                    
                                                                                               
    Child                                                                                      
    -----                                                                                      
    StringValue    IntValue DateValue                                                          
    ----------- ----------- -------------------                                                
                                                                                               
                                                                                               